python : {"timestamp": "2025-11-19T14:09:01.584008", "level": "INFO", "logger": "racket_hero.main", "message": "Banco de dados inicializado", "module": "main", 
"function": "<module>", "line": 25}
At line:1 char:1
+ python -m pytest tests/test_api.py::TestRankingRouter::test_get_ranki ...
+ ~~~~~~~~~~~~~~~~~~~~~~~~~~~~~~~~~~~~~~~~~~~~~~~~~~~~~~~~~~~~~~~~~~~~~
    + CategoryInfo          : NotSpecified: ({"timestamp": "...>", "line": 25}:String) [], RemoteException
    + FullyQualifiedErrorId : NativeCommandError
 
{"timestamp": "2025-11-19T14:09:01.584581", "level": "INFO", "logger": "racket_hero.main", "message": "CORS configurado para: ['http://127.0.0.1:8000', 
'http://localhost:3000', 'http://localhost:8000']", "module": "main", "function": "<module>", "line": 46}
{"timestamp": "2025-11-19T14:09:01.618236", "level": "INFO", "logger": "racket_hero.main", "message": "[OK] Agendador de backup iniciado (3:00 AM diariamente)", 
"module": "main", "function": "<module>", "line": 80}
============================= test session starts =============================
platform win32 -- Python 3.13.7, pytest-8.4.2, pluggy-1.6.0 -- C:\Python313\python.exe
cachedir: .pytest_cache
rootdir: C:\Users\hiros\OneDrive\Documents\projetos\racket-hero\backend
plugins: anyio-4.11.0, asyncio-1.2.0, cov-7.0.0
asyncio: mode=Mode.STRICT, debug=False, asyncio_default_fixture_loop_scope=None, asyncio_default_test_loop_scope=function
collecting ... collected 1 item

{"timestamp": "2025-11-19T14:09:01.665848", "level": "INFO", "logger": "racket_hero.auth", "message": "Tentativa de login: admin@test.com", "module": "auth", 
"function": "login", "line": 111}
{"timestamp": "2025-11-19T14:09:01.670750", "level": "WARNING", "logger": "racket_hero.auth", "message": "Falha de login: email n\u00e3o encontrado 
admin@test.com", "module": "auth", "function": "login", "line": 117}
{"timestamp": "2025-11-19T14:09:01.674280", "level": "INFO", "logger": "racket_hero.auth", "message": "Tentativa de registro: admin@test.com", "module": "auth", 
"function": "register", "line": 47}
{"timestamp": "2025-11-19T14:09:01.871959", "level": "INFO", "logger": "racket_hero.auth", "message": "Usu\u00e1rio registrado com sucesso: 1 (admin@test.com)", 
"module": "auth", "function": "register", "line": 72}
{"timestamp": "2025-11-19T14:09:01.880462", "level": "INFO", "logger": "racket_hero.auth", "message": "Tentativa de login: admin@test.com", "module": "auth", 
"function": "login", "line": 111}
{"timestamp": "2025-11-19T14:09:02.075442", "level": "INFO", "logger": "racket_hero.auth", "message": "Login bem-sucedido: 1 (admin@test.com)", "module": "auth", 
"function": "login", "line": 142}
{"timestamp": "2025-11-19T14:09:02.081489", "level": "INFO", "logger": "racket_hero.events_router", "message": "Criando novo evento: Torneio por usu\u00e1rio 1", 
"module": "events", "function": "create_event", "line": 27}
{"timestamp": "2025-11-19T14:09:02.083676", "level": "INFO", "logger": "racket_hero.events_router", "message": "Evento criado com sucesso: ID 1 (Torneio)", 
"module": "events", "function": "create_event", "line": 40}
{"timestamp": "2025-11-19T14:09:02.085527", "level": "INFO", "logger": "racket_hero.events_router", "message": "[admin@test.com] Evento criado: Torneio (ID: 1)", 
"module": "events", "function": "create_event", "line": 51}
{"timestamp": "2025-11-19T14:09:02.094683", "level": "INFO", "logger": "racket_hero.matches_router", "message": "Criando partida: P1=1, P2=2, Winner=1", "module": 
"matches", "function": "create_match", "line": 46}
{"timestamp": "2025-11-19T14:09:02.096523", "level": "INFO", "logger": "racket_hero.matches_router", "message": "Partida criada com ID=None, winner_id=1", 
"module": "matches", "function": "create_match", "line": 87}
{"timestamp": "2025-11-19T14:09:02.099386", "level": "INFO", "logger": "racket_hero.matches_router", "message": "DEBUG: Ap\u00f3s commit/refresh, winner_id=1", 
"module": "matches", "function": "create_match", "line": 112}
{"timestamp": "2025-11-19T14:09:02.100017", "level": "INFO", "logger": "racket_hero.matches_router", "message": "[admin@test.com] Partida criada: Jogador 1 vs 
Jogador 2, Vencedor: Jogador 1", "module": "matches", "function": "create_match", "line": 117}
{"timestamp": "2025-11-19T14:09:02.100180", "level": "INFO", "logger": "racket_hero.matches_router", "message": "Novo Elo - Jogador 1: 1616.0, Jogador 2: 1584.0", 
"module": "matches", "function": "create_match", "line": 118}
tests/test_api.py::TestRankingRouter::test_get_ranking FAILED

================================== FAILURES ===================================
_____________________ TestRankingRouter.test_get_ranking ______________________

self = <tests.test_api.TestRankingRouter object at 0x000002475CA30910>
client = <starlette.testclient.TestClient object at 0x000002475CA2C6E0>
test_admin_token = 'eyJhbGciOiJIUzI1NiIsInR5cCI6IkpXVCJ9.eyJ1c3VhcmlvX2lkIjoxLCJlbWFpbCI6ImFkbWluQHRlc3QuY29tIiwidGlwbyI6ImFkbWluIiwiaWF0IjoxNzYzNTYxMzQyLCJleHAiOjE3NjM1NjIyNDIsInRva2VuX3R5cGUiOiJhY2Nlc3MifQ.O4KEGLX2AuRnlru7PutzNcxuAIHjuCW7fnbSUbJSWFQ'

    def test_get_ranking(self, client, test_admin_token):
        """Testa obter ranking de um evento"""
        # Criar evento
        event_response = client.post(
            "/api/events",
            json={"name": "Torneio", "date": "2025-12-20", "time": "14:00"},
            headers={"Authorization": f"Bearer {test_admin_token}"}
        )
        event_id = event_response.json()["id"]
    
        # Criar jogadores
        p1_response = client.post(
            "/api/players",
            json={"event_id": event_id, "name": "Jogador 1", "initial_elo": 1600.0},
            headers={"Authorization": f"Bearer {test_admin_token}"}
        )
        p1_id = p1_response.json()["id"]
    
        p2_response = client.post(
            "/api/players",
            json={"event_id": event_id, "name": "Jogador 2", "initial_elo": 1600.0},
            headers={"Authorization": f"Bearer {test_admin_token}"}
        )
        p2_id = p2_response.json()["id"]
    
        # Criar partida com vencedor
        client.post(
            "/api/matches",
            json={
                "event_id": event_id,
                "player_1_id": p1_id,
                "player_2_id": p2_id,
                "winner_id": p1_id
            },
            headers={"Authorization": f"Bearer {test_admin_token}"}
        )
    
        # Obter ranking
        response = client.get(
            f"/api/ranking/eventos/{event_id}/ranking",
            headers={"Authorization": f"Bearer {test_admin_token}"}
        )
        assert response.status_code == 200
>       ranking = response.json()
                  ^^^^^^^^^^^^^^^

tests\test_api.py:386: 
_ _ _ _ _ _ _ _ _ _ _ _ _ _ _ _ _ _ _ _ _ _ _ _ _ _ _ _ _ _ _ _ _ _ _ _ _ _ _ _
C:\Python313\Lib\site-packages\httpx\_models.py:832: in json
    return jsonlib.loads(self.content, **kwargs)
           ^^^^^^^^^^^^^^^^^^^^^^^^^^^^^^^^^^^^^
C:\Python313\Lib\json\__init__.py:346: in loads
    return _default_decoder.decode(s)
           ^^^^^^^^^^^^^^^^^^^^^^^^^^
C:\Python313\Lib\json\decoder.py:345: in decode
    obj, end = self.raw_decode(s, idx=_w(s, 0).end())
               ^^^^^^^^^^^^^^^^^^^^^^^^^^^^^^^^^^^^^^
_ _ _ _ _ _ _ _ _ _ _ _ _ _ _ _ _ _ _ _ _ _ _ _ _ _ _ _ _ _ _ _ _ _ _ _ _ _ _ _

self = <json.decoder.JSONDecoder object at 0x0000024756D6F230>
s = '<!doctype html><html lang="en"><head><meta charset="utf-8"/><link rel="icon" href="/favicon.ico"/><meta name="viewpor...t"></head><body><noscript>You need to enable JavaScript to run this app.</noscript><div id="root"></div></body></html>'
idx = 0

    def raw_decode(self, s, idx=0):
        """Decode a JSON document from ``s`` (a ``str`` beginning with
        a JSON document) and return a 2-tuple of the Python
        representation and the index in ``s`` where the document ended.
    
        This can be used to decode a JSON document from a string that may
        have extraneous data at the end.
    
        """
        try:
            obj, end = self.scan_once(s, idx)
        except StopIteration as err:
>           raise JSONDecodeError("Expecting value", s, err.value) from None
E           json.decoder.JSONDecodeError: Expecting value: line 1 column 1 (char 0)

C:\Python313\Lib\json\decoder.py:363: JSONDecodeError
----------------------------- Captured log setup ------------------------------
INFO     racket_hero.auth:auth.py:111 Tentativa de login: admin@test.com
WARNING  racket_hero.auth:auth.py:117 Falha de login: email nπo encontrado admin@test.com
INFO     racket_hero.auth:auth.py:47 Tentativa de registro: admin@test.com
INFO     racket_hero.auth:auth.py:72 Usußrio registrado com sucesso: 1 (admin@test.com)
INFO     racket_hero.auth:auth.py:111 Tentativa de login: admin@test.com
INFO     racket_hero.auth:auth.py:142 Login bem-sucedido: 1 (admin@test.com)
------------------------------ Captured log call ------------------------------
INFO     racket_hero.events_router:events.py:27 Criando novo evento: Torneio por usußrio 1
INFO     racket_hero.events_router:events.py:40 Evento criado com sucesso: ID 1 (Torneio)
INFO     racket_hero.events_router:events.py:51 [admin@test.com] Evento criado: Torneio (ID: 1)
INFO     racket_hero.matches_router:matches.py:46 Criando partida: P1=1, P2=2, Winner=1
INFO     racket_hero.matches_router:matches.py:87 Partida criada com ID=None, winner_id=1
INFO     racket_hero.matches_router:matches.py:112 DEBUG: Ap≤s commit/refresh, winner_id=1
INFO     racket_hero.matches_router:matches.py:117 [admin@test.com] Partida criada: Jogador 1 vs Jogador 2, Vencedor: Jogador 1
INFO     racket_hero.matches_router:matches.py:118 Novo Elo - Jogador 1: 1616.0, Jogador 2: 1584.0
============================== warnings summary ===============================
schemas\auth.py:13
  C:\Users\hiros\OneDrive\Documents\projetos\racket-hero\backend\schemas\auth.py:13: PydanticDeprecatedSince20: Pydantic V1 style `@validator` validators are deprecated. You should migrate to Pydantic V2 style `@field_validator` validators, see the migration guide for more details. Deprecated in Pydantic V2.0 to be removed in V3.0. See Pydantic V2 Migration Guide at https://errors.pydantic.dev/2.12/migration/
    @validator('nome')

schemas\auth.py:19
  C:\Users\hiros\OneDrive\Documents\projetos\racket-hero\backend\schemas\auth.py:19: PydanticDeprecatedSince20: Pydantic V1 style `@validator` validators are deprecated. You should migrate to Pydantic V2 style `@field_validator` validators, see the migration guide for more details. Deprecated in Pydantic V2.0 to be removed in V3.0. See Pydantic V2 Migration Guide at https://errors.pydantic.dev/2.12/migration/
    @validator('senha')

schemas\auth.py:6
  C:\Users\hiros\OneDrive\Documents\projetos\racket-hero\backend\schemas\auth.py:6: PydanticDeprecatedSince20: Support for class-based `config` is deprecated, use ConfigDict instead. Deprecated in Pydantic V2.0 to be removed in V3.0. See Pydantic V2 Migration Guide at https://errors.pydantic.dev/2.12/migration/
    class RegistroRequest(BaseModel):

..\..\..\..\..\..\..\Python313\Lib\site-packages\pydantic\_internal\_config.py:383
  C:\Python313\Lib\site-packages\pydantic\_internal\_config.py:383: UserWarning: Valid config keys have changed in V2:
  * 'schema_extra' has been renamed to 'json_schema_extra'
    warnings.warn(message, UserWarning)

schemas\auth.py:35
  C:\Users\hiros\OneDrive\Documents\projetos\racket-hero\backend\schemas\auth.py:35: PydanticDeprecatedSince20: Support for class-based `config` is deprecated, use ConfigDict instead. Deprecated in Pydantic V2.0 to be removed in V3.0. See Pydantic V2 Migration Guide at https://errors.pydantic.dev/2.12/migration/
    class LoginRequest(BaseModel):

schemas\auth.py:48
  C:\Users\hiros\OneDrive\Documents\projetos\racket-hero\backend\schemas\auth.py:48: PydanticDeprecatedSince20: Support for class-based `config` is deprecated, use ConfigDict instead. Deprecated in Pydantic V2.0 to be removed in V3.0. See Pydantic V2 Migration Guide at https://errors.pydantic.dev/2.12/migration/
    class TokenResponse(BaseModel):

schemas\auth.py:72
  C:\Users\hiros\OneDrive\Documents\projetos\racket-hero\backend\schemas\auth.py:72: PydanticDeprecatedSince20: Support for class-based `config` is deprecated, use ConfigDict instead. Deprecated in Pydantic V2.0 to be removed in V3.0. See Pydantic V2 Migration Guide at https://errors.pydantic.dev/2.12/migration/
    class RefreshTokenRequest(BaseModel):

schemas\auth.py:83
  C:\Users\hiros\OneDrive\Documents\projetos\racket-hero\backend\schemas\auth.py:83: PydanticDeprecatedSince20: Support for class-based `config` is deprecated, use ConfigDict instead. Deprecated in Pydantic V2.0 to be removed in V3.0. See Pydantic V2 Migration Guide at https://errors.pydantic.dev/2.12/migration/
    class ForgotPasswordRequest(BaseModel):

schemas\auth.py:99
  C:\Users\hiros\OneDrive\Documents\projetos\racket-hero\backend\schemas\auth.py:99: PydanticDeprecatedSince20: Pydantic V1 style `@validator` validators are deprecated. You should migrate to Pydantic V2 style `@field_validator` validators, see the migration guide for more details. Deprecated in Pydantic V2.0 to be removed in V3.0. See Pydantic V2 Migration Guide at https://errors.pydantic.dev/2.12/migration/
    @validator('nova_senha')

schemas\auth.py:94
  C:\Users\hiros\OneDrive\Documents\projetos\racket-hero\backend\schemas\auth.py:94: PydanticDeprecatedSince20: Support for class-based `config` is deprecated, use ConfigDict instead. Deprecated in Pydantic V2.0 to be removed in V3.0. See Pydantic V2 Migration Guide at https://errors.pydantic.dev/2.12/migration/
    class ResetPasswordRequest(BaseModel):

schemas\auth.py:113
  C:\Users\hiros\OneDrive\Documents\projetos\racket-hero\backend\schemas\auth.py:113: PydanticDeprecatedSince20: Support for class-based `config` is deprecated, use ConfigDict instead. Deprecated in Pydantic V2.0 to be removed in V3.0. See Pydantic V2 Migration Guide at https://errors.pydantic.dev/2.12/migration/
    class UsuarioResponse(BaseModel):

schemas\auth.py:135
  C:\Users\hiros\OneDrive\Documents\projetos\racket-hero\backend\schemas\auth.py:135: PydanticDeprecatedSince20: Support for class-based `config` is deprecated, use ConfigDict instead. Deprecated in Pydantic V2.0 to be removed in V3.0. See Pydantic V2 Migration Guide at https://errors.pydantic.dev/2.12/migration/
    class ErrorResponse(BaseModel):

schemas\matches.py:8
  C:\Users\hiros\OneDrive\Documents\projetos\racket-hero\backend\schemas\matches.py:8: PydanticDeprecatedSince20: Support for class-based `config` is deprecated, use ConfigDict instead. Deprecated in Pydantic V2.0 to be removed in V3.0. See Pydantic V2 Migration Guide at https://errors.pydantic.dev/2.12/migration/
    class MatchCreate(BaseModel):

schemas\matches.py:26
  C:\Users\hiros\OneDrive\Documents\projetos\racket-hero\backend\schemas\matches.py:26: PydanticDeprecatedSince20: Support for class-based `config` is deprecated, use ConfigDict instead. Deprecated in Pydantic V2.0 to be removed in V3.0. See Pydantic V2 Migration Guide at https://errors.pydantic.dev/2.12/migration/
    class MatchUpdate(BaseModel):

schemas\matches.py:45
  C:\Users\hiros\OneDrive\Documents\projetos\racket-hero\backend\schemas\matches.py:45: PydanticDeprecatedSince20: Support for class-based `config` is deprecated, use ConfigDict instead. Deprecated in Pydantic V2.0 to be removed in V3.0. See Pydantic V2 Migration Guide at https://errors.pydantic.dev/2.12/migration/
    class MatchResponse(BaseModel):

logger_production.py:19: 9 warnings
tests/test_api.py: 42 warnings
  C:\Users\hiros\OneDrive\Documents\projetos\racket-hero\backend\logger_production.py:19: DeprecationWarning: datetime.datetime.utcnow() is deprecated and scheduled for removal in a future version. Use timezone-aware objects to represent datetimes in UTC: datetime.datetime.now(datetime.UTC).
    'timestamp': datetime.utcnow().isoformat(),

tests/test_api.py::TestRankingRouter::test_get_ranking
tests/test_api.py::TestRankingRouter::test_get_ranking
  C:\Users\hiros\OneDrive\Documents\projetos\racket-hero\backend\utils\security.py:80: DeprecationWarning: datetime.datetime.utcnow() is deprecated and scheduled for removal in a future version. Use timezone-aware objects to represent datetimes in UTC: datetime.datetime.now(datetime.UTC).
    "iat": datetime.utcnow(),  # Issued at

tests/test_api.py::TestRankingRouter::test_get_ranking
tests/test_api.py::TestRankingRouter::test_get_ranking
  C:\Users\hiros\OneDrive\Documents\projetos\racket-hero\backend\utils\security.py:81: DeprecationWarning: datetime.datetime.utcnow() is deprecated and scheduled for removal in a future version. Use timezone-aware objects to represent datetimes in UTC: datetime.datetime.now(datetime.UTC).
    "exp": datetime.utcnow() + timedelta(minutes=ACCESS_TOKEN_EXPIRE_MINUTES),

tests/test_api.py::TestRankingRouter::test_get_ranking
tests/test_api.py::TestRankingRouter::test_get_ranking
  C:\Users\hiros\OneDrive\Documents\projetos\racket-hero\backend\utils\security.py:102: DeprecationWarning: datetime.datetime.utcnow() is deprecated and scheduled for removal in a future version. Use timezone-aware objects to represent datetimes in UTC: datetime.datetime.now(datetime.UTC).
    "iat": datetime.utcnow(),

tests/test_api.py::TestRankingRouter::test_get_ranking
tests/test_api.py::TestRankingRouter::test_get_ranking
  C:\Users\hiros\OneDrive\Documents\projetos\racket-hero\backend\utils\security.py:103: DeprecationWarning: datetime.datetime.utcnow() is deprecated and scheduled for removal in a future version. Use timezone-aware objects to represent datetimes in UTC: datetime.datetime.now(datetime.UTC).
    "exp": datetime.utcnow() + timedelta(days=REFRESH_TOKEN_EXPIRE_DAYS),

-- Docs: https://docs.pytest.org/en/stable/how-to/capture-warnings.html
=========================== short test summary info ===========================
FAILED tests/test_api.py::TestRankingRouter::test_get_ranking - json.decoder....
!!!!!!!!!!!!!!!!!!!!!!!!!! stopping after 1 failures !!!!!!!!!!!!!!!!!!!!!!!!!!
======================= 1 failed, 74 warnings in 0.66s ========================
